// Jest Snapshot v1, https://goo.gl/fbAQLP

exports[`Test de vista aboutView.vue Match de snapshot con AboutView.vue 1`] = `
<div class="about">
  <h1>Secci√≥n about</h1>
</div>
`;
